{"stage": "prepare", "status": "OK", "as_of": "20260928", "feature_identity": "a684a9dd884f8139c08c59352d788040a0a245532194e58cb58bec904f6539ef", "split_plan": {"boundaries": {"calibration": "20250904", "test": "20260319", "train": "20240821", "validation": "20251210"}, "mature_signal_date_count": 775, "missing_mature_dates": 0, "reason_codes": [], "replay_windows": {"test": {"common_session_count": 132, "end_date": "20260928", "excluded_boundary_signals": 0, "signal_dates": ["20260319", "20260320", "20260323", "20260324", "20260325", "20260326", "20260327", "20260330", "20260331", "20260401", "20260402", "20260403", "20260407", "20260408", "20260409", "20260410", "20260413", "20260414", "20260415", "20260416", "20260417", "20260420", "20260421", "20260422", "20260423", "20260424", "20260427", "20260428", "20260429", "20260430", "20260506", "20260507", "20260508", "20260511", "20260512", "20260513", "20260514", "20260515", "20260518", "20260519", "20260520", "20260521", "20260522", "20260525", "20260526", "20260527", "20260528", "20260529", "20260601", "20260602", "20260603", "20260604", "20260605", "20260608", "20260609", "20260610", "20260611", "20260612", "20260615", "20260616", "20260617", "20260618", "20260622", "20260623", "20260624", "20260625", "20260626", "20260629", "20260630", "20260701", "20260702", "20260703", "20260706", "20260707", "20260708", "20260709", "20260710", "20260713", "20260714", "20260715", "20260716", "20260717", "20260720", "20260721", "20260722", "20260723", "20260724", "20260727", "20260728", "20260729", "20260730", "20260731", "20260803", "20260804", "20260805", "20260806", "20260807", "20260810", "20260811", "20260812", "20260813", "20260814", "20260817", "20260818", "20260819", "20260820", "20260821", "20260824", "20260825", "20260826", "20260827", "20260828", "20260831", "20260901", "20260902", "20260903", "20260904", "20260907", "20260908", "20260909", "20260910", "20260911", "20260914", "20260915", "20260916", "20260917"], "start_date": "20260319", "tail_sessions": 6}, "validation": {"common_session_count": 63, "end_date": "20260318", "excluded_boundary_signals": 6, "signal_dates": ["20251210", "20251211", "20251212", "20251215", "20251216", "20251217", "20251218", "20251219", "20251222", "20251223", "20251224", "20251225", "20251226", "20251229", "20251230", "20251231", "20260105", "20260106", "20260107", "20260108", "20260109", "20260112", "20260113", "20260114", "20260115", "20260116", "20260119", "20260120", "20260121", "20260122", "20260123", "20260126", "20260127", "20260128", "20260129", "20260130", "20260202", "20260203", "20260204", "20260205", "20260206", "20260209", "20260210", "20260211", "20260212", "20260213", "20260224", "20260225", "20260226", "20260227", "20260302", "20260303", "20260304", "20260305", "20260306", "20260309", "20260310"], "start_date": "20251210", "tail_sessions": 6}}, "required_mature_dates": 504, "status": "OK", "warmup_sessions": {"calibration": ["20250313", "20250314", "20250317", "20250318", "20250319", "20250320", "20250321", "20250324", "20250325", "20250326", "20250327", "20250328", "20250331", "20250401", "20250402", "20250403", "20250407", "20250408", "20250409", "20250410", "20250411", "20250414", "20250415", "20250416", "20250417", "20250418", "20250421", "20250422", "20250423", "20250424", "20250425", "20250428", "20250429", "20250430", "20250506", "20250507", "20250508", "20250509", "20250512", "20250513", "20250514", "20250515", "20250516", "20250519", "20250520", "20250521", "20250522", "20250523", "20250526", "20250527", "20250528", "20250529", "20250530", "20250603", "20250604", "20250605", "20250606", "20250609", "20250610", "20250611", "20250612", "20250613", "20250616", "20250617", "20250618", "20250619", "20250620", "20250623", "20250624", "20250625", "20250626", "20250627", "20250630", "20250701", "20250702", "20250703", "20250704", "20250707", "20250708", "20250709", "20250710", "20250711", "20250714", "20250715", "20250716", "20250717", "20250718", "20250721", "20250722", "20250723", "20250724", "20250725", "20250728", "20250729", "20250730", "20250731", "20250801", "20250804", "20250805", "20250806", "20250807", "20250808", "20250811", "20250812", "20250813", "20250814", "20250815", "20250818", "20250819", "20250820", "20250821", "20250822", "20250825", "20250826", "20250827", "20250828", "20250829", "20250901", "20250902", "20250903"], "test": ["20250912", "20250915", "20250916", "20250917", "20250918", "20250919", "20250922", "20250923", "20250924", "20250925", "20250926", "20250929", "20250930", "20251009", "20251010", "20251013", "20251014", "20251015", "20251016", "20251017", "20251020", "20251021", "20251022", "20251023", "20251024", "20251027", "20251028", "20251029", "20251030", "20251031", "20251103", "20251104", "20251105", "20251106", "20251107", "20251110", "20251111", "20251112", "20251113", "20251114", "20251117", "20251118", "20251119", "20251120", "20251121", "20251124", "20251125", "20251126", "20251127", "20251128", "20251201", "20251202", "20251203", "20251204", "20251205", "20251208", "20251209", "20251210", "20251211", "20251212", "20251215", "20251216", "20251217", "20251218", "20251219", "20251222", "20251223", "20251224", "20251225", "20251226", "20251229", "20251230", "20251231", "20260105", "20260106", "20260107", "20260108", "20260109", "20260112", "20260113", "20260114", "20260115", "20260116", "20260119", "20260120", "20260121", "20260122", "20260123", "20260126", "20260127", "20260128", "20260129", "20260130", "20260202", "20260203", "20260204", "20260205", "20260206", "20260209", "20260210", "20260211", "20260212", "20260213", "20260224", "20260225", "20260226", "20260227", "20260302", "20260303", "20260304", "20260305", "20260306", "20260309", "20260310", "20260311", "20260312", "20260313", "20260316", "20260317", "20260318"], "train": ["20240227", "20240228", "20240229", "20240301", "20240304", "20240305", "20240306", "20240307", "20240308", "20240311", "20240312", "20240313", "20240314", "20240315", "20240318", "20240319", "20240320", "20240321", "20240322", "20240325", "20240326", "20240327", "20240328", "20240329", "20240401", "20240402", "20240403", "20240408", "20240409", "20240410", "20240411", "20240412", "20240415", "20240416", "20240417", "20240418", "20240419", "20240422", "20240423", "20240424", "20240425", "20240426", "20240429", "20240430", "20240506", "20240507", "20240508", "20240509", "20240510", "20240513", "20240514", "20240515", "20240516", "20240517", "20240520", "20240521", "20240522", "20240523", "20240524", "20240527", "20240528", "20240529", "20240530", "20240531", "20240603", "20240604", "20240605", "20240606", "20240607", "20240611", "20240612", "20240613", "20240614", "20240617", "20240618", "20240619", "20240620", "20240621", "20240624", "20240625", "20240626", "20240627", "20240628", "20240701", "20240702", "20240703", "20240704", "20240705", "20240708", "20240709", "20240710", "20240711", "20240712", "20240715", "20240716", "20240717", "20240718", "20240719", "20240722", "20240723", "20240724", "20240725", "20240726", "20240729", "20240730", "20240731", "20240801", "20240802", "20240805", "20240806", "20240807", "20240808", "20240809", "20240812", "20240813", "20240814", "20240815", "20240816", "20240819", "20240820"], "validation": ["20250617", "20250618", "20250619", "20250620", "20250623", "20250624", "20250625", "20250626", "20250627", "20250630", "20250701", "20250702", "20250703", "20250704", "20250707", "20250708", "20250709", "20250710", "20250711", "20250714", "20250715", "20250716", "20250717", "20250718", "20250721", "20250722", "20250723", "20250724", "20250725", "20250728", "20250729", "20250730", "20250731", "20250801", "20250804", "20250805", "20250806", "20250807", "20250808", "20250811", "20250812", "20250813", "20250814", "20250815", "20250818", "20250819", "20250820", "20250821", "20250822", "20250825", "20250826", "20250827", "20250828", "20250829", "20250901", "20250902", "20250903", "20250904", "20250905", "20250908", "20250909", "20250910", "20250911", "20250912", "20250915", "20250916", "20250917", "20250918", "20250919", "20250922", "20250923", "20250924", "20250925", "20250926", "20250929", "20250930", "20251009", "20251010", "20251013", "20251014", "20251015", "20251016", "20251017", "20251020", "20251021", "20251022", "20251023", "20251024", "20251027", "20251028", "20251029", "20251030", "20251031", "20251103", "20251104", "20251105", "20251106", "20251107", "20251110", "20251111", "20251112", "20251113", "20251114", "20251117", "20251118", "20251119", "20251120", "20251121", "20251124", "20251125", "20251126", "20251127", "20251128", "20251201", "20251202", "20251203", "20251204", "20251205", "20251208", "20251209"]}}, "api_calls": 0}
{"event": "cell_complete", "strategy_id": "A0_V2_F0", "split": "validation", "cost_scenario": "base", "reused": false}
{"event": "cell_complete", "strategy_id": "B0_PRISM_A_SHARE_V1", "split": "validation", "cost_scenario": "base", "reused": false}
{"stage": "validate", "run_id": "prism-v2-20260928-54f76420f1a45b76", "artifact_dir": "/home/ww/vv/quant/.worktrees/prism-v2-backtest/artifacts/prism_v2_compare/prism-v2-20260928-54f76420f1a45b76", "dataset_status": "OK", "status": "COMPLETE", "cell_count": 2, "reused_cell_count": 0}
{"event": "cell_complete", "strategy_id": "B0_PRISM_A_SHARE_V1", "split": "validation", "cost_scenario": "base", "reused": true}
{"event": "cell_complete", "strategy_id": "A0_V2_F0", "split": "validation", "cost_scenario": "base", "reused": true}
{"stage": "freeze", "status": "FROZEN", "protocol_path": "/home/ww/vv/quant/.worktrees/prism-v2-backtest/artifacts/prism_v2_compare/prism-v2-20260928-54f76420f1a45b76/protocol_frozen.json"}
{"event": "cell_complete", "strategy_id": "A0_V2_F0", "split": "validation", "cost_scenario": "base", "reused": true}
{"event": "cell_complete", "strategy_id": "A0_V2_F0", "split": "validation", "cost_scenario": "stress", "reused": false}
{"event": "cell_complete", "strategy_id": "A0_V2_F0", "split": "test", "cost_scenario": "base", "reused": false}
{"event": "cell_complete", "strategy_id": "B0_PRISM_A_SHARE_V1", "split": "validation", "cost_scenario": "base", "reused": true}
{"event": "cell_complete", "strategy_id": "B0_PRISM_A_SHARE_V1", "split": "validation", "cost_scenario": "stress", "reused": false}
{"event": "cell_complete", "strategy_id": "A0_V2_F0", "split": "test", "cost_scenario": "stress", "reused": false}
{"event": "cell_complete", "strategy_id": "B0_PRISM_A_SHARE_V1", "split": "test", "cost_scenario": "base", "reused": false}
{"event": "cell_complete", "strategy_id": "B0_PRISM_A_SHARE_V1", "split": "test", "cost_scenario": "stress", "reused": false}
{"event": "cell_complete", "strategy_id": "C0_V2_EXPOSURE_CONTROL", "split": "validation", "cost_scenario": "base", "reused": false}
{"event": "cell_complete", "strategy_id": "C0_V2_EXPOSURE_CONTROL", "split": "validation", "cost_scenario": "stress", "reused": false}
{"event": "cell_complete", "strategy_id": "C0_V2_EXPOSURE_CONTROL", "split": "test", "cost_scenario": "base", "reused": false}
{"event": "cell_complete", "strategy_id": "C0_V2_EXPOSURE_CONTROL", "split": "test", "cost_scenario": "stress", "reused": false}
{"stage": "test", "run_id": "prism-v2-20260928-54f76420f1a45b76", "artifact_dir": "/home/ww/vv/quant/.worktrees/prism-v2-backtest/artifacts/prism_v2_compare/prism-v2-20260928-54f76420f1a45b76", "status": "COMPLETE", "cell_count": 12, "reused_cell_count": 2}
{"stage": "report", "status": "COMPLETE", "artifact_dir": "/home/ww/vv/quant/.worktrees/prism-v2-backtest/artifacts/prism_v2_compare/prism-v2-20260928-54f76420f1a45b76", "run_id": "prism-v2-20260928-54f76420f1a45b76", "verdict": "INSUFFICIENT_TRADING_EVIDENCE", "source_commit": "410de2d9b5d3cf380d0d759ea7652bb541956fd6", "artifact_manifest_sha256": "03a55af67acf252df578d3e4a14b8a1dad6fc868839de9c762e1d8d6306dd1a7"}
	Command being timed: "/home/ww/vv/quant/.venv/bin/python -u -m scripts.compare_prism_v2 --all --source-db /home/ww/vv/quant/.worktrees/technical-v2/cache/v2/market.db --experiment-root cache/experiments/prism_v2/frozen-20260928-v1 --config configs/prism_v2_compare_v1.json"
	User time (seconds): 1372.57
	System time (seconds): 38.27
	Percent of CPU this job got: 195%
	Elapsed (wall clock) time (h:mm:ss or m:ss): 12:02.00
	Average shared text size (kbytes): 0
	Average unshared data size (kbytes): 0
	Average stack size (kbytes): 0
	Average total size (kbytes): 0
	Maximum resident set size (kbytes): 1802712
	Average resident set size (kbytes): 0
	Major (requiring I/O) page faults: 1
	Minor (reclaiming a frame) page faults: 7865567
	Voluntary context switches: 1214957
	Involuntary context switches: 3755
	Swaps: 0
	File system inputs: 0
	File system outputs: 1775720
	Socket messages sent: 0
	Socket messages received: 0
	Signals delivered: 0
	Page size (bytes): 4096
	Exit status: 0
