{"event": "feature_chunk", "completed": 1, "total": 32, "rows": 80100, "smoke": false}
{"event": "feature_chunk", "completed": 2, "total": 32, "rows": 80100, "smoke": false}
{"event": "feature_chunk", "completed": 3, "total": 32, "rows": 80100, "smoke": false}
{"event": "feature_chunk", "completed": 4, "total": 32, "rows": 80100, "smoke": false}
{"event": "feature_chunk", "completed": 5, "total": 32, "rows": 80100, "smoke": false}
{"event": "feature_chunk", "completed": 6, "total": 32, "rows": 80100, "smoke": false}
{"event": "feature_chunk", "completed": 7, "total": 32, "rows": 80100, "smoke": false}
{"event": "feature_chunk", "completed": 8, "total": 32, "rows": 80100, "smoke": false}
{"event": "feature_chunk", "completed": 9, "total": 32, "rows": 80100, "smoke": false}
{"event": "feature_chunk", "completed": 10, "total": 32, "rows": 80100, "smoke": false}
{"event": "feature_chunk", "completed": 11, "total": 32, "rows": 80100, "smoke": false}
{"event": "feature_chunk", "completed": 12, "total": 32, "rows": 80100, "smoke": false}
{"event": "feature_chunk", "completed": 13, "total": 32, "rows": 80100, "smoke": false}
{"event": "feature_chunk", "completed": 14, "total": 32, "rows": 80100, "smoke": false}
{"event": "feature_chunk", "completed": 15, "total": 32, "rows": 80100, "smoke": false}
{"event": "feature_chunk", "completed": 16, "total": 32, "rows": 80100, "smoke": false}
{"event": "feature_chunk", "completed": 17, "total": 32, "rows": 80100, "smoke": false}
{"event": "feature_chunk", "completed": 18, "total": 32, "rows": 80100, "smoke": false}
{"event": "feature_chunk", "completed": 19, "total": 32, "rows": 80100, "smoke": false}
{"event": "feature_chunk", "completed": 20, "total": 32, "rows": 80100, "smoke": false}
{"event": "feature_chunk", "completed": 21, "total": 32, "rows": 80100, "smoke": false}
{"event": "feature_chunk", "completed": 22, "total": 32, "rows": 80100, "smoke": false}
{"event": "feature_chunk", "completed": 23, "total": 32, "rows": 80100, "smoke": false}
{"event": "feature_chunk", "completed": 24, "total": 32, "rows": 80100, "smoke": false}
{"event": "feature_chunk", "completed": 25, "total": 32, "rows": 80100, "smoke": false}
{"event": "feature_chunk", "completed": 26, "total": 32, "rows": 80100, "smoke": false}
{"event": "feature_chunk", "completed": 27, "total": 32, "rows": 80100, "smoke": false}
{"event": "feature_chunk", "completed": 28, "total": 32, "rows": 80100, "smoke": false}
{"event": "feature_chunk", "completed": 29, "total": 32, "rows": 80100, "smoke": false}
{"event": "feature_chunk", "completed": 30, "total": 32, "rows": 80100, "smoke": false}
{"event": "feature_chunk", "completed": 31, "total": 32, "rows": 80100, "smoke": false}
{"event": "feature_chunk", "completed": 32, "total": 32, "rows": 42453, "smoke": false}
{"event": "prepare_complete", "rows": 1608030, "codes": 3153, "smoke": false}
{"event": "account_complete", "completed": 1, "total": 216, "reused": false, "key": "S01_CONFIRMED/selection_1/base"}
{"event": "account_complete", "completed": 2, "total": 216, "reused": false, "key": "S01_CONFIRMED/selection_1/stress"}
{"event": "account_complete", "completed": 3, "total": 216, "reused": false, "key": "S01_CONFIRMED/selection_2/base"}
{"event": "account_complete", "completed": 4, "total": 216, "reused": false, "key": "S01_CONFIRMED/selection_2/stress"}
{"event": "account_complete", "completed": 5, "total": 216, "reused": false, "key": "S01_CONFIRMED/selection_3/base"}
{"event": "account_complete", "completed": 6, "total": 216, "reused": false, "key": "S01_CONFIRMED/selection_3/stress"}
{"event": "account_complete", "completed": 7, "total": 216, "reused": false, "key": "S01_CONFIRMED/selection_4/base"}
{"event": "account_complete", "completed": 8, "total": 216, "reused": false, "key": "S01_CONFIRMED/selection_4/stress"}
{"event": "account_complete", "completed": 9, "total": 216, "reused": false, "key": "S01_CONFIRMED/selection_5/base"}
{"event": "account_complete", "completed": 10, "total": 216, "reused": false, "key": "S01_CONFIRMED/selection_5/stress"}
{"event": "account_complete", "completed": 11, "total": 216, "reused": false, "key": "S01_CONFIRMED/selection_6/base"}
{"event": "account_complete", "completed": 12, "total": 216, "reused": false, "key": "S01_STRICT/selection_1/base"}
{"event": "account_complete", "completed": 13, "total": 216, "reused": false, "key": "S01_STRICT/selection_1/stress"}
{"event": "account_complete", "completed": 14, "total": 216, "reused": false, "key": "S01_STRICT/selection_2/base"}
{"event": "account_complete", "completed": 15, "total": 216, "reused": false, "key": "S01_CONFIRMED/selection_6/stress"}
{"event": "account_complete", "completed": 16, "total": 216, "reused": false, "key": "S01_STRICT/selection_2/stress"}
{"event": "account_complete", "completed": 17, "total": 216, "reused": false, "key": "S01_STRICT/selection_3/stress"}
{"event": "account_complete", "completed": 18, "total": 216, "reused": false, "key": "S01_STRICT/selection_3/base"}
{"event": "account_complete", "completed": 19, "total": 216, "reused": false, "key": "S01_STRICT/selection_4/base"}
{"event": "account_complete", "completed": 20, "total": 216, "reused": false, "key": "S01_STRICT/selection_5/base"}
{"event": "account_complete", "completed": 21, "total": 216, "reused": false, "key": "S01_STRICT/selection_5/stress"}
{"event": "account_complete", "completed": 22, "total": 216, "reused": false, "key": "S01_STRICT/selection_4/stress"}
{"event": "account_complete", "completed": 23, "total": 216, "reused": false, "key": "S01_STRICT/selection_6/stress"}
{"event": "account_complete", "completed": 24, "total": 216, "reused": false, "key": "S01_STRICT/selection_6/base"}
{"event": "account_complete", "completed": 25, "total": 216, "reused": false, "key": "S02_CONFIRMED/selection_1/base"}
{"event": "account_complete", "completed": 26, "total": 216, "reused": false, "key": "S02_CONFIRMED/selection_1/stress"}
{"event": "account_complete", "completed": 27, "total": 216, "reused": false, "key": "S02_CONFIRMED/selection_2/base"}
{"event": "account_complete", "completed": 28, "total": 216, "reused": false, "key": "S02_CONFIRMED/selection_2/stress"}
{"event": "account_complete", "completed": 29, "total": 216, "reused": false, "key": "S02_CONFIRMED/selection_3/base"}
{"event": "account_complete", "completed": 30, "total": 216, "reused": false, "key": "S02_CONFIRMED/selection_3/stress"}
{"event": "account_complete", "completed": 31, "total": 216, "reused": false, "key": "S02_CONFIRMED/selection_4/base"}
{"event": "account_complete", "completed": 32, "total": 216, "reused": false, "key": "S02_CONFIRMED/selection_5/base"}
{"event": "account_complete", "completed": 33, "total": 216, "reused": false, "key": "S02_CONFIRMED/selection_4/stress"}
{"event": "account_complete", "completed": 34, "total": 216, "reused": false, "key": "S02_CONFIRMED/selection_5/stress"}
{"event": "account_complete", "completed": 35, "total": 216, "reused": false, "key": "S02_STRICT/selection_1/base"}
{"event": "account_complete", "completed": 36, "total": 216, "reused": false, "key": "S02_STRICT/selection_1/stress"}
{"event": "account_complete", "completed": 37, "total": 216, "reused": false, "key": "S02_CONFIRMED/selection_6/base"}
{"event": "account_complete", "completed": 38, "total": 216, "reused": false, "key": "S02_CONFIRMED/selection_6/stress"}
{"event": "account_complete", "completed": 39, "total": 216, "reused": false, "key": "S02_STRICT/selection_2/base"}
{"event": "account_complete", "completed": 40, "total": 216, "reused": false, "key": "S02_STRICT/selection_2/stress"}
{"event": "account_complete", "completed": 41, "total": 216, "reused": false, "key": "S02_STRICT/selection_3/base"}
{"event": "account_complete", "completed": 42, "total": 216, "reused": false, "key": "S02_STRICT/selection_3/stress"}
{"event": "account_complete", "completed": 43, "total": 216, "reused": false, "key": "S02_STRICT/selection_4/stress"}
{"event": "account_complete", "completed": 44, "total": 216, "reused": false, "key": "S02_STRICT/selection_4/base"}
{"event": "account_complete", "completed": 45, "total": 216, "reused": false, "key": "S02_STRICT/selection_5/base"}
{"event": "account_complete", "completed": 46, "total": 216, "reused": false, "key": "S02_STRICT/selection_5/stress"}
{"event": "account_complete", "completed": 47, "total": 216, "reused": false, "key": "S02_STRICT/selection_6/base"}
{"event": "account_complete", "completed": 48, "total": 216, "reused": false, "key": "S03_CONFIRMED/selection_1/base"}
{"event": "account_complete", "completed": 49, "total": 216, "reused": false, "key": "S02_STRICT/selection_6/stress"}
{"event": "account_complete", "completed": 50, "total": 216, "reused": false, "key": "S03_CONFIRMED/selection_1/stress"}
{"event": "account_complete", "completed": 51, "total": 216, "reused": false, "key": "S03_CONFIRMED/selection_2/base"}
{"event": "account_complete", "completed": 52, "total": 216, "reused": false, "key": "S03_CONFIRMED/selection_2/stress"}
{"event": "account_complete", "completed": 53, "total": 216, "reused": false, "key": "S03_CONFIRMED/selection_3/base"}
{"event": "account_complete", "completed": 54, "total": 216, "reused": false, "key": "S03_CONFIRMED/selection_3/stress"}
{"event": "account_complete", "completed": 55, "total": 216, "reused": false, "key": "S03_CONFIRMED/selection_4/base"}
{"event": "account_complete", "completed": 56, "total": 216, "reused": false, "key": "S03_CONFIRMED/selection_5/base"}
{"event": "account_complete", "completed": 57, "total": 216, "reused": false, "key": "S03_CONFIRMED/selection_4/stress"}
{"event": "account_complete", "completed": 58, "total": 216, "reused": false, "key": "S03_CONFIRMED/selection_5/stress"}
{"event": "account_complete", "completed": 59, "total": 216, "reused": false, "key": "S03_STRICT/selection_1/base"}
{"event": "account_complete", "completed": 60, "total": 216, "reused": false, "key": "S03_CONFIRMED/selection_6/base"}
{"event": "account_complete", "completed": 61, "total": 216, "reused": false, "key": "S03_CONFIRMED/selection_6/stress"}
{"event": "account_complete", "completed": 62, "total": 216, "reused": false, "key": "S03_STRICT/selection_1/stress"}
{"event": "account_complete", "completed": 63, "total": 216, "reused": false, "key": "S03_STRICT/selection_2/base"}
{"event": "account_complete", "completed": 64, "total": 216, "reused": false, "key": "S03_STRICT/selection_2/stress"}
{"event": "account_complete", "completed": 65, "total": 216, "reused": false, "key": "S03_STRICT/selection_3/base"}
{"event": "account_complete", "completed": 66, "total": 216, "reused": false, "key": "S03_STRICT/selection_3/stress"}
{"event": "account_complete", "completed": 67, "total": 216, "reused": false, "key": "S03_STRICT/selection_4/base"}
{"event": "account_complete", "completed": 68, "total": 216, "reused": false, "key": "S03_STRICT/selection_4/stress"}
{"event": "account_complete", "completed": 69, "total": 216, "reused": false, "key": "S03_STRICT/selection_5/base"}
{"event": "account_complete", "completed": 70, "total": 216, "reused": false, "key": "S03_STRICT/selection_5/stress"}
{"event": "account_complete", "completed": 71, "total": 216, "reused": false, "key": "S03_STRICT/selection_6/base"}
{"event": "account_complete", "completed": 72, "total": 216, "reused": false, "key": "S04_CONFIRMED/selection_1/base"}
{"event": "account_complete", "completed": 73, "total": 216, "reused": false, "key": "S03_STRICT/selection_6/stress"}
{"event": "account_complete", "completed": 74, "total": 216, "reused": false, "key": "S04_CONFIRMED/selection_1/stress"}
{"event": "account_complete", "completed": 75, "total": 216, "reused": false, "key": "S04_CONFIRMED/selection_2/base"}
{"event": "account_complete", "completed": 76, "total": 216, "reused": false, "key": "S04_CONFIRMED/selection_2/stress"}
{"event": "account_complete", "completed": 77, "total": 216, "reused": false, "key": "S04_CONFIRMED/selection_3/stress"}
{"event": "account_complete", "completed": 78, "total": 216, "reused": false, "key": "S04_CONFIRMED/selection_3/base"}
{"event": "account_complete", "completed": 79, "total": 216, "reused": false, "key": "S04_CONFIRMED/selection_4/base"}
{"event": "account_complete", "completed": 80, "total": 216, "reused": false, "key": "S04_CONFIRMED/selection_4/stress"}
{"event": "account_complete", "completed": 81, "total": 216, "reused": false, "key": "S04_CONFIRMED/selection_5/base"}
{"event": "account_complete", "completed": 82, "total": 216, "reused": false, "key": "S04_CONFIRMED/selection_5/stress"}
{"event": "account_complete", "completed": 83, "total": 216, "reused": false, "key": "S04_STRICT/selection_1/base"}
{"event": "account_complete", "completed": 84, "total": 216, "reused": false, "key": "S04_CONFIRMED/selection_6/stress"}
{"event": "account_complete", "completed": 85, "total": 216, "reused": false, "key": "S04_STRICT/selection_2/base"}
{"event": "account_complete", "completed": 86, "total": 216, "reused": false, "key": "S04_CONFIRMED/selection_6/base"}
{"event": "account_complete", "completed": 87, "total": 216, "reused": false, "key": "S04_STRICT/selection_1/stress"}
{"event": "account_complete", "completed": 88, "total": 216, "reused": false, "key": "S04_STRICT/selection_2/stress"}
{"event": "account_complete", "completed": 89, "total": 216, "reused": false, "key": "S04_STRICT/selection_3/base"}
{"event": "account_complete", "completed": 90, "total": 216, "reused": false, "key": "S04_STRICT/selection_3/stress"}
{"event": "account_complete", "completed": 91, "total": 216, "reused": false, "key": "S04_STRICT/selection_4/base"}
{"event": "account_complete", "completed": 92, "total": 216, "reused": false, "key": "S04_STRICT/selection_4/stress"}
{"event": "account_complete", "completed": 93, "total": 216, "reused": false, "key": "S04_STRICT/selection_5/base"}
{"event": "account_complete", "completed": 94, "total": 216, "reused": false, "key": "S04_STRICT/selection_5/stress"}
{"event": "account_complete", "completed": 95, "total": 216, "reused": false, "key": "S04_STRICT/selection_6/base"}
{"event": "account_complete", "completed": 96, "total": 216, "reused": false, "key": "S04_STRICT/selection_6/stress"}
{"event": "account_complete", "completed": 97, "total": 216, "reused": false, "key": "S05_CONFIRMED/selection_1/stress"}
{"event": "account_complete", "completed": 98, "total": 216, "reused": false, "key": "S05_CONFIRMED/selection_1/base"}
{"event": "account_complete", "completed": 99, "total": 216, "reused": false, "key": "S05_CONFIRMED/selection_2/base"}
{"event": "account_complete", "completed": 100, "total": 216, "reused": false, "key": "S05_CONFIRMED/selection_2/stress"}
{"event": "account_complete", "completed": 101, "total": 216, "reused": false, "key": "S05_CONFIRMED/selection_3/base"}
{"event": "account_complete", "completed": 102, "total": 216, "reused": false, "key": "S05_CONFIRMED/selection_3/stress"}
{"event": "account_complete", "completed": 103, "total": 216, "reused": false, "key": "S05_CONFIRMED/selection_4/base"}
{"event": "account_complete", "completed": 104, "total": 216, "reused": false, "key": "S05_CONFIRMED/selection_5/base"}
{"event": "account_complete", "completed": 105, "total": 216, "reused": false, "key": "S05_CONFIRMED/selection_4/stress"}
{"event": "account_complete", "completed": 106, "total": 216, "reused": false, "key": "S05_CONFIRMED/selection_5/stress"}
{"event": "account_complete", "completed": 107, "total": 216, "reused": false, "key": "S05_STRICT/selection_1/base"}
{"event": "account_complete", "completed": 108, "total": 216, "reused": false, "key": "S05_CONFIRMED/selection_6/stress"}
{"event": "account_complete", "completed": 109, "total": 216, "reused": false, "key": "S05_CONFIRMED/selection_6/base"}
{"event": "account_complete", "completed": 110, "total": 216, "reused": false, "key": "S05_STRICT/selection_1/stress"}
{"event": "account_complete", "completed": 111, "total": 216, "reused": false, "key": "S05_STRICT/selection_2/base"}
{"event": "account_complete", "completed": 112, "total": 216, "reused": false, "key": "S05_STRICT/selection_2/stress"}
{"event": "account_complete", "completed": 113, "total": 216, "reused": false, "key": "S05_STRICT/selection_3/stress"}
{"event": "account_complete", "completed": 114, "total": 216, "reused": false, "key": "S05_STRICT/selection_3/base"}
{"event": "account_complete", "completed": 115, "total": 216, "reused": false, "key": "S05_STRICT/selection_4/base"}
{"event": "account_complete", "completed": 116, "total": 216, "reused": false, "key": "S05_STRICT/selection_4/stress"}
{"event": "account_complete", "completed": 117, "total": 216, "reused": false, "key": "S05_STRICT/selection_5/base"}
{"event": "account_complete", "completed": 118, "total": 216, "reused": false, "key": "S05_STRICT/selection_5/stress"}
{"event": "account_complete", "completed": 119, "total": 216, "reused": false, "key": "S05_STRICT/selection_6/base"}
{"event": "account_complete", "completed": 120, "total": 216, "reused": false, "key": "S05_STRICT/selection_6/stress"}
{"event": "account_complete", "completed": 121, "total": 216, "reused": false, "key": "S06_CONFIRMED/selection_1/base"}
{"event": "account_complete", "completed": 122, "total": 216, "reused": false, "key": "S06_CONFIRMED/selection_2/base"}
{"event": "account_complete", "completed": 123, "total": 216, "reused": false, "key": "S06_CONFIRMED/selection_2/stress"}
{"event": "account_complete", "completed": 124, "total": 216, "reused": false, "key": "S06_CONFIRMED/selection_1/stress"}
{"event": "account_complete", "completed": 125, "total": 216, "reused": false, "key": "S06_CONFIRMED/selection_3/base"}
{"event": "account_complete", "completed": 126, "total": 216, "reused": false, "key": "S06_CONFIRMED/selection_3/stress"}
{"event": "account_complete", "completed": 127, "total": 216, "reused": false, "key": "S06_CONFIRMED/selection_4/base"}
{"event": "account_complete", "completed": 128, "total": 216, "reused": false, "key": "S06_CONFIRMED/selection_4/stress"}
{"event": "account_complete", "completed": 129, "total": 216, "reused": false, "key": "S06_CONFIRMED/selection_5/base"}
{"event": "account_complete", "completed": 130, "total": 216, "reused": false, "key": "S06_CONFIRMED/selection_5/stress"}
{"event": "account_complete", "completed": 131, "total": 216, "reused": false, "key": "S06_CONFIRMED/selection_6/base"}
{"event": "account_complete", "completed": 132, "total": 216, "reused": false, "key": "S06_STRICT/selection_1/base"}
{"event": "account_complete", "completed": 133, "total": 216, "reused": false, "key": "S06_CONFIRMED/selection_6/stress"}
{"event": "account_complete", "completed": 134, "total": 216, "reused": false, "key": "S06_STRICT/selection_2/base"}
{"event": "account_complete", "completed": 135, "total": 216, "reused": false, "key": "S06_STRICT/selection_1/stress"}
{"event": "account_complete", "completed": 136, "total": 216, "reused": false, "key": "S06_STRICT/selection_2/stress"}
{"event": "account_complete", "completed": 137, "total": 216, "reused": false, "key": "S06_STRICT/selection_3/stress"}
{"event": "account_complete", "completed": 138, "total": 216, "reused": false, "key": "S06_STRICT/selection_3/base"}
{"event": "account_complete", "completed": 139, "total": 216, "reused": false, "key": "S06_STRICT/selection_4/stress"}
{"event": "account_complete", "completed": 140, "total": 216, "reused": false, "key": "S06_STRICT/selection_4/base"}
{"event": "account_complete", "completed": 141, "total": 216, "reused": false, "key": "S06_STRICT/selection_5/base"}
{"event": "account_complete", "completed": 142, "total": 216, "reused": false, "key": "S06_STRICT/selection_5/stress"}
{"event": "account_complete", "completed": 143, "total": 216, "reused": false, "key": "S06_STRICT/selection_6/stress"}
{"event": "account_complete", "completed": 144, "total": 216, "reused": false, "key": "S06_STRICT/selection_6/base"}
{"event": "account_complete", "completed": 145, "total": 216, "reused": false, "key": "S07_CONFIRMED/selection_1/base"}
{"event": "account_complete", "completed": 146, "total": 216, "reused": false, "key": "S07_CONFIRMED/selection_1/stress"}
{"event": "account_complete", "completed": 147, "total": 216, "reused": false, "key": "S07_CONFIRMED/selection_2/base"}
{"event": "account_complete", "completed": 148, "total": 216, "reused": false, "key": "S07_CONFIRMED/selection_3/base"}
{"event": "account_complete", "completed": 149, "total": 216, "reused": false, "key": "S07_CONFIRMED/selection_2/stress"}
{"event": "account_complete", "completed": 150, "total": 216, "reused": false, "key": "S07_CONFIRMED/selection_3/stress"}
{"event": "account_complete", "completed": 151, "total": 216, "reused": false, "key": "S07_CONFIRMED/selection_4/base"}
{"event": "account_complete", "completed": 152, "total": 216, "reused": false, "key": "S07_CONFIRMED/selection_5/base"}
{"event": "account_complete", "completed": 153, "total": 216, "reused": false, "key": "S07_CONFIRMED/selection_4/stress"}
{"event": "account_complete", "completed": 154, "total": 216, "reused": false, "key": "S07_CONFIRMED/selection_5/stress"}
{"event": "account_complete", "completed": 155, "total": 216, "reused": false, "key": "S07_CONFIRMED/selection_6/base"}
{"event": "account_complete", "completed": 156, "total": 216, "reused": false, "key": "S07_CONFIRMED/selection_6/stress"}
{"event": "account_complete", "completed": 157, "total": 216, "reused": false, "key": "S07_STRICT/selection_1/base"}
{"event": "account_complete", "completed": 158, "total": 216, "reused": false, "key": "S07_STRICT/selection_1/stress"}
{"event": "account_complete", "completed": 159, "total": 216, "reused": false, "key": "S07_STRICT/selection_2/base"}
{"event": "account_complete", "completed": 160, "total": 216, "reused": false, "key": "S07_STRICT/selection_2/stress"}
{"event": "account_complete", "completed": 161, "total": 216, "reused": false, "key": "S07_STRICT/selection_3/base"}
{"event": "account_complete", "completed": 162, "total": 216, "reused": false, "key": "S07_STRICT/selection_3/stress"}
{"event": "account_complete", "completed": 163, "total": 216, "reused": false, "key": "S07_STRICT/selection_4/base"}
{"event": "account_complete", "completed": 164, "total": 216, "reused": false, "key": "S07_STRICT/selection_5/base"}
{"event": "account_complete", "completed": 165, "total": 216, "reused": false, "key": "S07_STRICT/selection_4/stress"}
{"event": "account_complete", "completed": 166, "total": 216, "reused": false, "key": "S07_STRICT/selection_5/stress"}
{"event": "account_complete", "completed": 167, "total": 216, "reused": false, "key": "S07_STRICT/selection_6/stress"}
{"event": "account_complete", "completed": 168, "total": 216, "reused": false, "key": "S07_STRICT/selection_6/base"}
{"event": "account_complete", "completed": 169, "total": 216, "reused": false, "key": "S08_CONFIRMED/selection_1/base"}
{"event": "account_complete", "completed": 170, "total": 216, "reused": false, "key": "S08_CONFIRMED/selection_1/stress"}
{"event": "account_complete", "completed": 171, "total": 216, "reused": false, "key": "S08_CONFIRMED/selection_2/base"}
{"event": "account_complete", "completed": 172, "total": 216, "reused": false, "key": "S08_CONFIRMED/selection_2/stress"}
{"event": "account_complete", "completed": 173, "total": 216, "reused": false, "key": "S08_CONFIRMED/selection_3/base"}
{"event": "account_complete", "completed": 174, "total": 216, "reused": false, "key": "S08_CONFIRMED/selection_3/stress"}
{"event": "account_complete", "completed": 175, "total": 216, "reused": false, "key": "S08_CONFIRMED/selection_4/base"}
{"event": "account_complete", "completed": 176, "total": 216, "reused": false, "key": "S08_CONFIRMED/selection_5/base"}
{"event": "account_complete", "completed": 177, "total": 216, "reused": false, "key": "S08_CONFIRMED/selection_4/stress"}
{"event": "account_complete", "completed": 178, "total": 216, "reused": false, "key": "S08_CONFIRMED/selection_5/stress"}
{"event": "account_complete", "completed": 179, "total": 216, "reused": false, "key": "S08_STRICT/selection_1/base"}
{"event": "account_complete", "completed": 180, "total": 216, "reused": false, "key": "S08_STRICT/selection_1/stress"}
{"event": "account_complete", "completed": 181, "total": 216, "reused": false, "key": "S08_CONFIRMED/selection_6/stress"}
{"event": "account_complete", "completed": 182, "total": 216, "reused": false, "key": "S08_CONFIRMED/selection_6/base"}
{"event": "account_complete", "completed": 183, "total": 216, "reused": false, "key": "S08_STRICT/selection_2/stress"}
{"event": "account_complete", "completed": 184, "total": 216, "reused": false, "key": "S08_STRICT/selection_2/base"}
{"event": "account_complete", "completed": 185, "total": 216, "reused": false, "key": "S08_STRICT/selection_3/base"}
{"event": "account_complete", "completed": 186, "total": 216, "reused": false, "key": "S08_STRICT/selection_3/stress"}
{"event": "account_complete", "completed": 187, "total": 216, "reused": false, "key": "S08_STRICT/selection_4/base"}
{"event": "account_complete", "completed": 188, "total": 216, "reused": false, "key": "S08_STRICT/selection_5/base"}
{"event": "account_complete", "completed": 189, "total": 216, "reused": false, "key": "S08_STRICT/selection_4/stress"}
{"event": "account_complete", "completed": 190, "total": 216, "reused": false, "key": "S08_STRICT/selection_5/stress"}
{"event": "account_complete", "completed": 191, "total": 216, "reused": false, "key": "S08_STRICT/selection_6/base"}
{"event": "account_complete", "completed": 192, "total": 216, "reused": false, "key": "S08_STRICT/selection_6/stress"}
{"event": "account_complete", "completed": 193, "total": 216, "reused": false, "key": "BASE_ENV/selection_1/stress"}
{"event": "account_complete", "completed": 194, "total": 216, "reused": false, "key": "BASE_ENV/selection_1/base"}
{"event": "account_complete", "completed": 195, "total": 216, "reused": false, "key": "BASE_ENV/selection_2/base"}
{"event": "account_complete", "completed": 196, "total": 216, "reused": false, "key": "BASE_ENV/selection_2/stress"}
{"event": "account_complete", "completed": 197, "total": 216, "reused": false, "key": "BASE_ENV/selection_3/base"}
{"event": "account_complete", "completed": 198, "total": 216, "reused": false, "key": "BASE_ENV/selection_4/base"}
{"event": "account_complete", "completed": 199, "total": 216, "reused": false, "key": "BASE_ENV/selection_3/stress"}
{"event": "account_complete", "completed": 200, "total": 216, "reused": false, "key": "BASE_ENV/selection_4/stress"}
{"event": "account_complete", "completed": 201, "total": 216, "reused": false, "key": "BASE_ENV/selection_5/base"}
{"event": "account_complete", "completed": 202, "total": 216, "reused": false, "key": "BASE_ENV/selection_5/stress"}
{"event": "account_complete", "completed": 203, "total": 216, "reused": false, "key": "BASE_ENV/selection_6/base"}
{"event": "account_complete", "completed": 204, "total": 216, "reused": false, "key": "BASE_DEF/selection_1/base"}
{"event": "account_complete", "completed": 205, "total": 216, "reused": false, "key": "BASE_DEF/selection_1/stress"}
{"event": "account_complete", "completed": 206, "total": 216, "reused": false, "key": "BASE_ENV/selection_6/stress"}
{"event": "account_complete", "completed": 207, "total": 216, "reused": false, "key": "BASE_DEF/selection_2/base"}
{"event": "account_complete", "completed": 208, "total": 216, "reused": false, "key": "BASE_DEF/selection_3/base"}
{"event": "account_complete", "completed": 209, "total": 216, "reused": false, "key": "BASE_DEF/selection_2/stress"}
{"event": "account_complete", "completed": 210, "total": 216, "reused": false, "key": "BASE_DEF/selection_3/stress"}
{"event": "account_complete", "completed": 211, "total": 216, "reused": false, "key": "BASE_DEF/selection_4/base"}
{"event": "account_complete", "completed": 212, "total": 216, "reused": false, "key": "BASE_DEF/selection_4/stress"}
{"event": "account_complete", "completed": 213, "total": 216, "reused": false, "key": "BASE_DEF/selection_5/base"}
{"event": "account_complete", "completed": 214, "total": 216, "reused": false, "key": "BASE_DEF/selection_5/stress"}
{"event": "account_complete", "completed": 215, "total": 216, "reused": false, "key": "BASE_DEF/selection_6/base"}
{"event": "account_complete", "completed": 216, "total": 216, "reused": false, "key": "BASE_DEF/selection_6/stress"}
{"event": "selection_frozen", "primary_policy_id": null, "selected_policy_ids": [], "qualified_count": 0, "verdict": "NO_HIGH_WIN_CANDIDATE"}
{"event": "account_complete", "completed": 1, "total": 36, "reused": false, "key": "S01_CONFIRMED/review/base"}
{"event": "account_complete", "completed": 2, "total": 36, "reused": false, "key": "S01_CONFIRMED/review/stress"}
{"event": "account_complete", "completed": 3, "total": 36, "reused": false, "key": "S01_STRICT/review/base"}
{"event": "account_complete", "completed": 4, "total": 36, "reused": false, "key": "S01_STRICT/review/stress"}
{"event": "account_complete", "completed": 5, "total": 36, "reused": false, "key": "S02_STRICT/review/base"}
{"event": "account_complete", "completed": 6, "total": 36, "reused": false, "key": "S02_STRICT/review/stress"}
{"event": "account_complete", "completed": 7, "total": 36, "reused": false, "key": "S02_CONFIRMED/review/stress"}
{"event": "account_complete", "completed": 8, "total": 36, "reused": false, "key": "S02_CONFIRMED/review/base"}
{"event": "account_complete", "completed": 9, "total": 36, "reused": false, "key": "S03_CONFIRMED/review/base"}
{"event": "account_complete", "completed": 10, "total": 36, "reused": false, "key": "S03_CONFIRMED/review/stress"}
{"event": "account_complete", "completed": 11, "total": 36, "reused": false, "key": "S03_STRICT/review/base"}
{"event": "account_complete", "completed": 12, "total": 36, "reused": false, "key": "S03_STRICT/review/stress"}
{"event": "account_complete", "completed": 13, "total": 36, "reused": false, "key": "S04_STRICT/review/base"}
{"event": "account_complete", "completed": 14, "total": 36, "reused": false, "key": "S04_STRICT/review/stress"}
{"event": "account_complete", "completed": 15, "total": 36, "reused": false, "key": "S04_CONFIRMED/review/base"}
{"event": "account_complete", "completed": 16, "total": 36, "reused": false, "key": "S04_CONFIRMED/review/stress"}
{"event": "account_complete", "completed": 17, "total": 36, "reused": false, "key": "S05_CONFIRMED/review/base"}
{"event": "account_complete", "completed": 18, "total": 36, "reused": false, "key": "S05_CONFIRMED/review/stress"}
{"event": "account_complete", "completed": 19, "total": 36, "reused": false, "key": "S05_STRICT/review/base"}
{"event": "account_complete", "completed": 20, "total": 36, "reused": false, "key": "S05_STRICT/review/stress"}
{"event": "account_complete", "completed": 21, "total": 36, "reused": false, "key": "S06_CONFIRMED/review/base"}
{"event": "account_complete", "completed": 22, "total": 36, "reused": false, "key": "S06_STRICT/review/base"}
{"event": "account_complete", "completed": 23, "total": 36, "reused": false, "key": "S06_STRICT/review/stress"}
{"event": "account_complete", "completed": 24, "total": 36, "reused": false, "key": "S06_CONFIRMED/review/stress"}
{"event": "account_complete", "completed": 25, "total": 36, "reused": false, "key": "S07_CONFIRMED/review/base"}
{"event": "account_complete", "completed": 26, "total": 36, "reused": false, "key": "S07_CONFIRMED/review/stress"}
{"event": "account_complete", "completed": 27, "total": 36, "reused": false, "key": "S07_STRICT/review/stress"}
{"event": "account_complete", "completed": 28, "total": 36, "reused": false, "key": "S07_STRICT/review/base"}
{"event": "account_complete", "completed": 29, "total": 36, "reused": false, "key": "S08_STRICT/review/stress"}
{"event": "account_complete", "completed": 30, "total": 36, "reused": false, "key": "S08_STRICT/review/base"}
{"event": "account_complete", "completed": 31, "total": 36, "reused": false, "key": "S08_CONFIRMED/review/stress"}
{"event": "account_complete", "completed": 32, "total": 36, "reused": false, "key": "S08_CONFIRMED/review/base"}
{"event": "account_complete", "completed": 33, "total": 36, "reused": false, "key": "BASE_DEF/review/base"}
{"event": "account_complete", "completed": 34, "total": 36, "reused": false, "key": "BASE_ENV/review/base"}
{"event": "account_complete", "completed": 35, "total": 36, "reused": false, "key": "BASE_ENV/review/stress"}
{"event": "account_complete", "completed": 36, "total": 36, "reused": false, "key": "BASE_DEF/review/stress"}
{"status": "COMPLETE", "verdict": "NO_HIGH_WIN_CANDIDATE", "primary_policy_id": null, "rejections": ["NO_HIGH_WIN_CANDIDATE"], "display_roles": {"highest_observed_win_rate": "S06_STRICT", "maximum_net_return": "BASE_DEF", "minimum_drawdown": "S03_STRICT"}, "account_count": 252, "production_activation": false, "history_status": "EVIDENCE_LIMITED_REUSED_HISTORY", "selection_freeze_sha256": "c58d3caed06a669de1a92819e7271df64a8f324630997daf7543599849117688", "binding": {"dataset_sha256": "4396426ff714e24324994f24acb651707d4238c08948388ff6457344201d4375", "feature_identity": "fad9c628a98b5ce39e2a987d32bc67a3c26ae874c0e485a3a74db4e2b1abe62a", "implementation_sha256": "d2965109b4d2e39d4678fdbf425ba51a4044145fc232bd595971fead134c15aa", "protocol_sha256": "84ea8f416eacb272e094c67c3a84256132dabcf1b7575c569fee2cf62a7617c7", "smoke": false, "snapshot_sha256": "2e2598e9e115d3110f3031a710d1997e74ee374c51db73a4cef99939054ff820"}}
